../Core/Src/main.c:101:5:main	8	static
../Core/Src/main.c:196:6:SystemClock_Config	88	static
../Core/Src/main.c:242:13:MX_I2C1_Init	8	static
../Core/Src/main.c:276:13:MX_I2S3_Init	8	static
../Core/Src/main.c:310:13:MX_SPI1_Init	8	static
../Core/Src/main.c:348:13:MX_TIM8_Init	96	static
../Core/Src/main.c:423:13:MX_TIM11_Init	8	static
../Core/Src/main.c:454:13:MX_TIM12_Init	24	static
../Core/Src/main.c:492:13:MX_UART4_Init	8	static
../Core/Src/main.c:525:13:MX_USART2_UART_Init	8	static
../Core/Src/main.c:558:13:MX_GPIO_Init	56	static
../Core/Src/main.c:686:6:HAL_UART_RxCpltCallback	16	static
../Core/Src/main.c:719:6:StartDefaultTask	16	static
../Core/Src/main.c:750:6:HAL_TIM_PeriodElapsedCallback	16	static
../Core/Src/main.c:767:6:Error_Handler	4	static,ignoring_inline_asm
