../Core/Src/stm32f4xx_it.c:79:6:NMI_Handler	4	static
../Core/Src/stm32f4xx_it.c:94:6:HardFault_Handler	4	static
../Core/Src/stm32f4xx_it.c:109:6:MemManage_Handler	4	static
../Core/Src/stm32f4xx_it.c:124:6:BusFault_Handler	4	static
../Core/Src/stm32f4xx_it.c:139:6:UsageFault_Handler	4	static
../Core/Src/stm32f4xx_it.c:154:6:DebugMon_Handler	4	static
../Core/Src/stm32f4xx_it.c:174:6:EXTI0_IRQHandler	16	static,ignoring_inline_asm
../Core/Src/stm32f4xx_it.c:209:6:TIM1_UP_TIM10_IRQHandler	8	static
../Core/Src/stm32f4xx_it.c:223:6:USART2_IRQHandler	8	static
../Core/Src/stm32f4xx_it.c:237:6:TIM8_BRK_TIM12_IRQHandler	8	static
../Core/Src/stm32f4xx_it.c:252:6:UART4_IRQHandler	8	static
../Core/Src/stm32f4xx_it.c:266:6:OTG_FS_IRQHandler	8	static
