../Core/MyApp/App/admin.c:109:6:DisplayVersion	120	static
../Core/MyApp/App/admin.c:145:6:DisplayMenu	16	static
../Core/MyApp/App/admin.c:185:6:error_HaltOS	16	static
../Core/MyApp/App/admin.c:203:6:CreateHandles	24	static
../Core/MyApp/App/admin.c:235:6:Timer1_Handler	8	static
../Core/MyApp/App/admin.c:260:6:CreateTasks	16	static
../Core/MyApp/App/admin.c:286:14:GetTaskhandle	24	static
../Core/MyApp/App/admin.c:307:6:SetTaskPriority	24	static
../Core/MyApp/App/admin.c:335:6:StartStopTask	64	static
../Core/MyApp/App/admin.c:369:6:DisplayTaskData	64	static
