../Core/MyApp/App/admin.c:115:6:DisplayVersion	120	static
../Core/MyApp/App/admin.c:151:6:DisplayMenu	16	static
../Core/MyApp/App/admin.c:191:6:error_HaltOS	16	static
../Core/MyApp/App/admin.c:209:6:CreateHandles	24	static
../Core/MyApp/App/admin.c:247:6:Timer1_Handler	8	static
../Core/MyApp/App/admin.c:257:6:TimerLog_Handler	16	static
../Core/MyApp/App/admin.c:290:6:CreateTasks	16	static
../Core/MyApp/App/admin.c:316:14:GetTaskhandle	24	static
../Core/MyApp/App/admin.c:337:6:SetTaskPriority	24	static
../Core/MyApp/App/admin.c:365:6:StartStopTask	64	static
../Core/MyApp/App/admin.c:399:6:DisplayTaskData	64	static
