../Core/MyApp/Ports/lcd.c:38:6:ClearBits	8	static
../Core/MyApp/Ports/lcd.c:46:6:LCD_cursor_home	8	static
../Core/MyApp/Ports/lcd.c:52:6:LCD_clear	8	static
../Core/MyApp/Ports/lcd.c:61:6:LCD_XY	24	static
../Core/MyApp/Ports/lcd.c:78:6:LCD_init	40	static
../Core/MyApp/Ports/lcd.c:131:6:LCD_putchar	16	static
../Core/MyApp/Ports/lcd.c:140:6:LCD_put	24	static
../Core/MyApp/Ports/lcd.c:159:6:LCD_puts	16	static
../Core/MyApp/Ports/lcd.c:165:6:LCD_putint	48	static
../Core/MyApp/Ports/lcd.c:189:13:LCD_writenibble	16	static
../Core/MyApp/Ports/lcd.c:209:13:LCD_writebyte	16	static
../Core/MyApp/Ports/lcd.c:227:6:LCD_writecontrol	16	static
../Core/MyApp/Ports/lcd.c:234:6:busyflag	8	static
../Core/MyApp/Ports/lcd.c:269:6:LCD_createChar	24	static
